Add Pin To Net: Unknown Pin: Pin R1-1
Add Pin To Net: Unknown Pin: Pin R2-1
Change Net Name : Old Net Name=GND New Net Name=ESP_5V
Change Net Name : Old Net Name=NetU1_2 New Net Name=GPIO_1
Change Net Name : Old Net Name=NetU1_3 New Net Name=M1_A
Change Net Name : Old Net Name=NetU1_6 New Net Name=M1_B
Change Net Name : Old Net Name=NetU1_7 New Net Name=GPIO_2
Change Net Name : Old Net Name=NetU1_11 New Net Name=M2_A
Change Net Name : Old Net Name=NetU1_14 New Net Name=M2_B
Change Net Name : Old Net Name=NetU1_16 New Net Name=MOTOR_V
Added Pin To Net: NetName=DIST_SENSE Pin=D2-2
Added Pin To Net: NetName=DIST_SENSE Pin=U2-J1_15
Added Net: Name=DIST_SENSE
Added Pin To Net: NetName=GPIO_3 Pin=U1-10
Added Pin To Net: NetName=GPIO_3 Pin=U2-J1_6
Added Net: Name=GPIO_3
Added Pin To Net: NetName=GPIO_4 Pin=U1-15
Added Pin To Net: NetName=GPIO_4 Pin=U2-J1_7
Added Net: Name=GPIO_4
Added Pin To Net: NetName=LIGHT_SENSE Pin=Q1-2
Added Pin To Net: NetName=LIGHT_SENSE Pin=U2-J1_12
Added Net: Name=LIGHT_SENSE
Add Class Member: Failed to add class member : Component R1 Resistor
Add Class Member: Failed to add class member : Component R2 Resistor
Added Rule: Name=Schematic Supply Nets_1
