Added Component: Designator=U?(XCVR_ESP32-S3-DEVKITC-1-N16R8V)
Add component (AddParameter): Name = "Check_prices"; Value = "https://www.snapeda.com/parts/ESP32-S3-DEVKITC-1-N16R8V/Espressif+Systems/view-part/?ref=eda"; VariantName = "[No Variations]"
Add component (AddParameter): Name = "MF"; Value = "Espressif Systems"; VariantName = "[No Variations]"
Add component (AddParameter): Name = "MP"; Value = "ESP32-S3-DEVKITC-1-N16R8V"; VariantName = "[No Variations]"
Add component (AddParameter): Name = "Package"; Value = "None"; VariantName = "[No Variations]"
Add component (AddParameter): Name = "SnapEDA_Link"; Value = "https://www.snapeda.com/parts/ESP32-S3-DEVKITC-1-N16R8V/Espressif+Systems/view-part/?ref=snap"; VariantName = "[No Variations]"
Add component (AddParameter): Name = "Value"; Value = ""; VariantName = "[No Variations]"
Add Pin To Net: Unknown Pin: Pin R1-1
Add Pin To Net: Unknown Pin: Pin R1-2
Add Pin To Net: Unknown Pin: Pin R2-1
Add Pin To Net: Unknown Pin: Pin R2-2
Added Pin To Net: NetName=GND Pin=U?-J1_21
Added Pin To Net: NetName=NetU1_4 Pin=U?-J1_22
Added Pin To Net: NetName=NetU1_4 Pin=U?-J3_1
Added Pin To Net: NetName=NetU1_4 Pin=U?-J3_21
Added Pin To Net: NetName=NetU1_4 Pin=U?-J3_22
Change Class Name : Old Net Name=Motor Control New Net Name=Vehicle_Circuit
Add Class Member: Failed to add class member : Component R1 Resistor
Add Class Member: Failed to add class member : Component R2 Resistor
Added Member To Class: ClassName=Vehicle_Circuit Member=Component U? ESP32-S3-DEVKITC-1-N16R8V
